// Jest Snapshot v1, https://goo.gl/fbAQLP

exports[`Pruebas al componente <AddCategory/> Validar que el componente se muestre correctamente  1`] = `
<form
  onSubmit={[Function]}
>
  <input
    onChange={[Function]}
    type="text"
    value=""
  />
</form>
`;
